// Vitest Snapshot v1, https://vitest.dev/guide/snapshot.html

exports[`CardViewFilters > renders dialog correctly 1`] = `
<body>
  <div>
    <table
      class="MuiTable-root MuiGrid2-root MuiGrid2-container MuiGrid2-direction-xs-row css-16tczb-MuiTable-root-MuiGrid2-root"
    >
      <thead
        class="MuiTableHead-root MuiGrid2-root MuiGrid2-container MuiGrid2-direction-xs-row css-nhfqov-MuiTableHead-root-MuiGrid2-root"
      >
        <tr
          class="MuiTableRow-root MuiTableRow-head MuiGrid2-root MuiGrid2-container MuiGrid2-direction-xs-row css-1gfz8fy-MuiTableRow-root-MuiGrid2-root"
        >
          <th
            aria-sort="none"
            class="MuiTableCell-root MuiTableCell-head MuiTableCell-alignLeft MuiTableCell-sizeMedium css-1j1a2m9-MuiTableCell-root"
            colspan="1"
            data-can-sort="true"
            data-index="0"
            scope="col"
          >
            <div
              class="Mui-TableHeadCell-Content MuiBox-root css-1w86f15"
            >
              <div
                class="Mui-TableHeadCell-Content-Labels MuiBox-root css-68rqdf"
              >
                <div
                  class="Mui-TableHeadCell-Content-Wrapper MuiBox-root css-lapokc"
                >
                  Name
                </div>
                <span
                  aria-label="Sort by Name ascending"
                  class="MuiBadge-root css-63ezxx-MuiBadge-root"
                  data-mui-internal-clone-element="true"
                >
                  <span
                    aria-label="Sort by Name ascending"
                    class="MuiButtonBase-root MuiTableSortLabel-root Mui-active MuiTableSortLabel-directionAsc css-bgz9z4-MuiButtonBase-root-MuiTableSortLabel-root"
                    role="button"
                    tabindex="0"
                  >
                    <svg
                      aria-hidden="true"
                      class="MuiSvgIcon-root MuiSvgIcon-fontSizeMedium MuiTableSortLabel-icon MuiTableSortLabel-iconDirectionAsc css-7ojauk-MuiSvgIcon-root-MuiTableSortLabel-icon"
                      data-testid="SyncAltIcon"
                      focusable="false"
                      style="transform: rotate(-90deg) scaleX(0.9) translateX(-1px);"
                      viewBox="0 0 24 24"
                    >
                      <path
                        d="m18 12 4-4-4-4v3H3v2h15zM6 12l-4 4 4 4v-3h15v-2H6z"
                      />
                    </svg>
                  </span>
                  <span
                    class="MuiBadge-badge MuiBadge-standard MuiBadge-invisible MuiBadge-anchorOriginTopRight MuiBadge-anchorOriginTopRightCircular MuiBadge-overlapCircular css-hkekw-MuiBadge-badge"
                  >
                    0
                  </span>
                </span>
              </div>
              <div
                class="Mui-TableHeadCell-Content-Actions MuiBox-root css-epvm6"
              >
                <button
                  aria-label="Column Actions"
                  class="MuiButtonBase-root MuiIconButton-root MuiIconButton-sizeSmall css-1a3u37w-MuiButtonBase-root-MuiIconButton-root"
                  data-mui-internal-clone-element="true"
                  tabindex="0"
                  type="button"
                >
                  <svg
                    aria-hidden="true"
                    class="MuiSvgIcon-root MuiSvgIcon-fontSizeMedium css-1umw9bq-MuiSvgIcon-root"
                    data-testid="MoreVertIcon"
                    focusable="false"
                    style="transform: scale(0.9);"
                    viewBox="0 0 24 24"
                  >
                    <path
                      d="M12 8c1.1 0 2-.9 2-2s-.9-2-2-2-2 .9-2 2 .9 2 2 2m0 2c-1.1 0-2 .9-2 2s.9 2 2 2 2-.9 2-2-.9-2-2-2m0 6c-1.1 0-2 .9-2 2s.9 2 2 2 2-.9 2-2-.9-2-2-2"
                    />
                  </svg>
                </button>
              </div>
            </div>
          </th>
          <th
            aria-sort="none"
            class="MuiTableCell-root MuiTableCell-head MuiTableCell-alignLeft MuiTableCell-sizeMedium css-605d5e-MuiTableCell-root"
            colspan="1"
            data-can-sort="true"
            data-index="1"
            scope="col"
          >
            <div
              class="Mui-TableHeadCell-Content MuiBox-root css-1w86f15"
            >
              <div
                class="Mui-TableHeadCell-Content-Labels MuiBox-root css-68rqdf"
              >
                <div
                  class="Mui-TableHeadCell-Content-Wrapper MuiBox-root css-lapokc"
                >
                  Description
                </div>
                <span
                  aria-label="Sort by Description ascending"
                  class="MuiBadge-root css-63ezxx-MuiBadge-root"
                  data-mui-internal-clone-element="true"
                >
                  <span
                    aria-label="Sort by Description ascending"
                    class="MuiButtonBase-root MuiTableSortLabel-root Mui-active MuiTableSortLabel-directionAsc css-bgz9z4-MuiButtonBase-root-MuiTableSortLabel-root"
                    role="button"
                    tabindex="0"
                  >
                    <svg
                      aria-hidden="true"
                      class="MuiSvgIcon-root MuiSvgIcon-fontSizeMedium MuiTableSortLabel-icon MuiTableSortLabel-iconDirectionAsc css-7ojauk-MuiSvgIcon-root-MuiTableSortLabel-icon"
                      data-testid="SyncAltIcon"
                      focusable="false"
                      style="transform: rotate(-90deg) scaleX(0.9) translateX(-1px);"
                      viewBox="0 0 24 24"
                    >
                      <path
                        d="m18 12 4-4-4-4v3H3v2h15zM6 12l-4 4 4 4v-3h15v-2H6z"
                      />
                    </svg>
                  </span>
                  <span
                    class="MuiBadge-badge MuiBadge-standard MuiBadge-invisible MuiBadge-anchorOriginTopRight MuiBadge-anchorOriginTopRightCircular MuiBadge-overlapCircular css-hkekw-MuiBadge-badge"
                  >
                    0
                  </span>
                </span>
              </div>
              <div
                class="Mui-TableHeadCell-Content-Actions MuiBox-root css-epvm6"
              >
                <button
                  aria-label="Column Actions"
                  class="MuiButtonBase-root MuiIconButton-root MuiIconButton-sizeSmall css-1a3u37w-MuiButtonBase-root-MuiIconButton-root"
                  data-mui-internal-clone-element="true"
                  tabindex="0"
                  type="button"
                >
                  <svg
                    aria-hidden="true"
                    class="MuiSvgIcon-root MuiSvgIcon-fontSizeMedium css-1umw9bq-MuiSvgIcon-root"
                    data-testid="MoreVertIcon"
                    focusable="false"
                    style="transform: scale(0.9);"
                    viewBox="0 0 24 24"
                  >
                    <path
                      d="M12 8c1.1 0 2-.9 2-2s-.9-2-2-2-2 .9-2 2 .9 2 2 2m0 2c-1.1 0-2 .9-2 2s.9 2 2 2 2-.9 2-2-.9-2-2-2m0 6c-1.1 0-2 .9-2 2s.9 2 2 2 2-.9 2-2-.9-2-2-2"
                    />
                  </svg>
                </button>
              </div>
            </div>
          </th>
        </tr>
      </thead>
    </table>
  </div>
</body>
`;
