// Vitest Snapshot v1, https://vitest.dev/guide/snapshot.html

exports[`Page Not Found Component > renders Admin 404 page 1`] = `
<body>
  <div>
    <div>
      <div
        class="MuiBox-root css-d8r78j"
      >
        <svg
          aria-hidden="true"
          class="MuiSvgIcon-root MuiSvgIcon-fontSizeMedium css-1wffj3i-MuiSvgIcon-root"
          data-testid="BugReportIcon"
          focusable="false"
          viewBox="0 0 24 24"
        >
          <path
            d="M20 8h-2.81c-.45-.78-1.07-1.45-1.82-1.96L17 4.41 15.59 3l-2.17 2.17C12.96 5.06 12.49 5 12 5c-.49 0-.96.06-1.41.17L8.41 3 7 4.41l1.62 1.63C7.88 6.55 7.26 7.22 6.81 8H4v2h2.09c-.05.33-.09.66-.09 1v1H4v2h2v1c0 .34.04.67.09 1H4v2h2.81c1.04 1.79 2.97 3 5.19 3s4.15-1.21 5.19-3H20v-2h-2.09c.05-.33.09-.66.09-1v-1h2v-2h-2v-1c0-.34-.04-.67-.09-1H20zm-6 8h-4v-2h4zm0-4h-4v-2h4z"
          />
        </svg>
        <p
          class="MuiTypography-root MuiTypography-body1 css-1fjbu-MuiTypography-root"
        >
          404
        </p>
      </div>
      <div
        class="MuiBox-root css-sg7ujc"
      >
        <h2
          class="MuiTypography-root MuiTypography-h2 css-18ft2kn-MuiTypography-root"
        >
          Page not found
        </h2>
        <p
          class="MuiTypography-root MuiTypography-body1 css-n3u125-MuiTypography-root"
        >
          We're sorry, the page you requested was not found on the server. If you entered the URL manually please check your spelling and try again. Otherwise, return to the
           
          <a
            class="MuiTypography-root MuiTypography-inherit MuiLink-root MuiLink-underlineAlways css-17fxp5y-MuiTypography-root-MuiLink-root"
            href="/admin-ims"
          >
            admin
             home page
          </a>
           
          .
        </p>
      </div>
    </div>
  </div>
</body>
`;

exports[`Page Not Found Component > renders Catalogue 404 page 1`] = `
<body>
  <div>
    <div>
      <div
        class="MuiBox-root css-d8r78j"
      >
        <svg
          aria-hidden="true"
          class="MuiSvgIcon-root MuiSvgIcon-fontSizeMedium css-1wffj3i-MuiSvgIcon-root"
          data-testid="BugReportIcon"
          focusable="false"
          viewBox="0 0 24 24"
        >
          <path
            d="M20 8h-2.81c-.45-.78-1.07-1.45-1.82-1.96L17 4.41 15.59 3l-2.17 2.17C12.96 5.06 12.49 5 12 5c-.49 0-.96.06-1.41.17L8.41 3 7 4.41l1.62 1.63C7.88 6.55 7.26 7.22 6.81 8H4v2h2.09c-.05.33-.09.66-.09 1v1H4v2h2v1c0 .34.04.67.09 1H4v2h2.81c1.04 1.79 2.97 3 5.19 3s4.15-1.21 5.19-3H20v-2h-2.09c.05-.33.09-.66.09-1v-1h2v-2h-2v-1c0-.34-.04-.67-.09-1H20zm-6 8h-4v-2h4zm0-4h-4v-2h4z"
          />
        </svg>
        <p
          class="MuiTypography-root MuiTypography-body1 css-1fjbu-MuiTypography-root"
        >
          404
        </p>
      </div>
      <div
        class="MuiBox-root css-sg7ujc"
      >
        <h2
          class="MuiTypography-root MuiTypography-h2 css-18ft2kn-MuiTypography-root"
        >
          Page not found
        </h2>
        <p
          class="MuiTypography-root MuiTypography-body1 css-n3u125-MuiTypography-root"
        >
          We're sorry, the page you requested was not found on the server. If you entered the URL manually please check your spelling and try again. Otherwise, return to the
           
          <a
            class="MuiTypography-root MuiTypography-inherit MuiLink-root MuiLink-underlineAlways css-17fxp5y-MuiTypography-root-MuiLink-root"
            href="/catalogue"
          >
            catalogue
             home page
          </a>
           
          .
        </p>
      </div>
    </div>
  </div>
</body>
`;

exports[`Page Not Found Component > renders Manufacturers 404 page 1`] = `
<body>
  <div>
    <div>
      <div
        class="MuiBox-root css-d8r78j"
      >
        <svg
          aria-hidden="true"
          class="MuiSvgIcon-root MuiSvgIcon-fontSizeMedium css-1wffj3i-MuiSvgIcon-root"
          data-testid="BugReportIcon"
          focusable="false"
          viewBox="0 0 24 24"
        >
          <path
            d="M20 8h-2.81c-.45-.78-1.07-1.45-1.82-1.96L17 4.41 15.59 3l-2.17 2.17C12.96 5.06 12.49 5 12 5c-.49 0-.96.06-1.41.17L8.41 3 7 4.41l1.62 1.63C7.88 6.55 7.26 7.22 6.81 8H4v2h2.09c-.05.33-.09.66-.09 1v1H4v2h2v1c0 .34.04.67.09 1H4v2h2.81c1.04 1.79 2.97 3 5.19 3s4.15-1.21 5.19-3H20v-2h-2.09c.05-.33.09-.66.09-1v-1h2v-2h-2v-1c0-.34-.04-.67-.09-1H20zm-6 8h-4v-2h4zm0-4h-4v-2h4z"
          />
        </svg>
        <p
          class="MuiTypography-root MuiTypography-body1 css-1fjbu-MuiTypography-root"
        >
          404
        </p>
      </div>
      <div
        class="MuiBox-root css-sg7ujc"
      >
        <h2
          class="MuiTypography-root MuiTypography-h2 css-18ft2kn-MuiTypography-root"
        >
          Page not found
        </h2>
        <p
          class="MuiTypography-root MuiTypography-body1 css-n3u125-MuiTypography-root"
        >
          We're sorry, the page you requested was not found on the server. If you entered the URL manually please check your spelling and try again. Otherwise, return to the
           
          <a
            class="MuiTypography-root MuiTypography-inherit MuiLink-root MuiLink-underlineAlways css-17fxp5y-MuiTypography-root-MuiLink-root"
            href="/manufacturers"
          >
            manufacturers
             home page
          </a>
           
          .
        </p>
      </div>
    </div>
  </div>
</body>
`;

exports[`Page Not Found Component > renders Systems 404 page 1`] = `
<body>
  <div>
    <div>
      <div
        class="MuiBox-root css-d8r78j"
      >
        <svg
          aria-hidden="true"
          class="MuiSvgIcon-root MuiSvgIcon-fontSizeMedium css-1wffj3i-MuiSvgIcon-root"
          data-testid="BugReportIcon"
          focusable="false"
          viewBox="0 0 24 24"
        >
          <path
            d="M20 8h-2.81c-.45-.78-1.07-1.45-1.82-1.96L17 4.41 15.59 3l-2.17 2.17C12.96 5.06 12.49 5 12 5c-.49 0-.96.06-1.41.17L8.41 3 7 4.41l1.62 1.63C7.88 6.55 7.26 7.22 6.81 8H4v2h2.09c-.05.33-.09.66-.09 1v1H4v2h2v1c0 .34.04.67.09 1H4v2h2.81c1.04 1.79 2.97 3 5.19 3s4.15-1.21 5.19-3H20v-2h-2.09c.05-.33.09-.66.09-1v-1h2v-2h-2v-1c0-.34-.04-.67-.09-1H20zm-6 8h-4v-2h4zm0-4h-4v-2h4z"
          />
        </svg>
        <p
          class="MuiTypography-root MuiTypography-body1 css-1fjbu-MuiTypography-root"
        >
          404
        </p>
      </div>
      <div
        class="MuiBox-root css-sg7ujc"
      >
        <h2
          class="MuiTypography-root MuiTypography-h2 css-18ft2kn-MuiTypography-root"
        >
          Page not found
        </h2>
        <p
          class="MuiTypography-root MuiTypography-body1 css-n3u125-MuiTypography-root"
        >
          We're sorry, the page you requested was not found on the server. If you entered the URL manually please check your spelling and try again. Otherwise, return to the
           
          <a
            class="MuiTypography-root MuiTypography-inherit MuiLink-root MuiLink-underlineAlways css-17fxp5y-MuiTypography-root-MuiLink-root"
            href="/systems"
          >
            systems
             home page
          </a>
           
          .
        </p>
      </div>
    </div>
  </div>
</body>
`;

exports[`Page Not Found Component > renders the basic 404 page 1`] = `
<body>
  <div>
    <div>
      <div
        class="MuiBox-root css-d8r78j"
      >
        <svg
          aria-hidden="true"
          class="MuiSvgIcon-root MuiSvgIcon-fontSizeMedium css-1wffj3i-MuiSvgIcon-root"
          data-testid="BugReportIcon"
          focusable="false"
          viewBox="0 0 24 24"
        >
          <path
            d="M20 8h-2.81c-.45-.78-1.07-1.45-1.82-1.96L17 4.41 15.59 3l-2.17 2.17C12.96 5.06 12.49 5 12 5c-.49 0-.96.06-1.41.17L8.41 3 7 4.41l1.62 1.63C7.88 6.55 7.26 7.22 6.81 8H4v2h2.09c-.05.33-.09.66-.09 1v1H4v2h2v1c0 .34.04.67.09 1H4v2h2.81c1.04 1.79 2.97 3 5.19 3s4.15-1.21 5.19-3H20v-2h-2.09c.05-.33.09-.66.09-1v-1h2v-2h-2v-1c0-.34-.04-.67-.09-1H20zm-6 8h-4v-2h4zm0-4h-4v-2h4z"
          />
        </svg>
        <p
          class="MuiTypography-root MuiTypography-body1 css-1fjbu-MuiTypography-root"
        >
          404
        </p>
      </div>
      <div
        class="MuiBox-root css-sg7ujc"
      >
        <h2
          class="MuiTypography-root MuiTypography-h2 css-18ft2kn-MuiTypography-root"
        >
          Page not found
        </h2>
        <p
          class="MuiTypography-root MuiTypography-body1 css-n3u125-MuiTypography-root"
        >
          We're sorry, the page you requested was not found on the server. If you entered the URL manually please check your spelling and try again. Otherwise, return to the
           
          <a
            class="MuiTypography-root MuiTypography-inherit MuiLink-root MuiLink-underlineAlways css-17fxp5y-MuiTypography-root-MuiLink-root"
            href="/"
          >
             home page
          </a>
           
          .
        </p>
      </div>
    </div>
  </div>
</body>
`;
