// Vitest Snapshot v1, https://vitest.dev/guide/snapshot.html

exports[`PrimaryImage Component > matches the snapshot 1`] = `
<DocumentFragment>
  <div
    class="MuiGrid-root css-vj1n65-MuiGrid-root"
  >
    <div
      class="MuiBox-root css-nnlis0"
    >
      <div
        class="MuiBox-root css-10klw3m"
      >
        <span
          aria-label="Primary Image Actions"
          class=""
          data-mui-internal-clone-element="true"
        >
          <button
            aria-label="primary images action menu"
            class="MuiButtonBase-root MuiIconButton-root MuiIconButton-sizeMedium css-1t9jaav-MuiButtonBase-root-MuiIconButton-root"
            tabindex="0"
            type="button"
          >
            <svg
              aria-hidden="true"
              class="MuiSvgIcon-root MuiSvgIcon-fontSizeMedium css-i4bv87-MuiSvgIcon-root"
              data-testid="MoreHorizIcon"
              focusable="false"
              viewBox="0 0 24 24"
            >
              <path
                d="M6 10c-1.1 0-2 .9-2 2s.9 2 2 2 2-.9 2-2-.9-2-2-2m12 0c-1.1 0-2 .9-2 2s.9 2 2 2 2-.9 2-2-.9-2-2-2m-6 0c-1.1 0-2 .9-2 2s.9 2 2 2 2-.9 2-2-.9-2-2-2"
              />
            </svg>
            <span
              class="MuiTouchRipple-root css-8je8zh-MuiTouchRipple-root"
            />
          </button>
        </span>
      </div>
    </div>
  </div>
</DocumentFragment>
`;
