// Vitest Snapshot v1, https://vitest.dev/guide/snapshot.html

exports[`Upload image dialog > renders dialog correctly 1`] = `
<body
  class="uppy-Dashboard-isFixed"
>
  <div>
    <div
      class="uppy-Container"
    >
      <div
        class="uppy-Root"
        dir="ltr"
      >
        <div
          aria-disabled="false"
          aria-hidden="false"
          aria-label="Uppy Dashboard Window (Press escape to close)"
          class="uppy-Dashboard uppy-Dashboard--modal"
          data-uppy-drag-drop-supported="true"
          data-uppy-num-acquirers="0"
          data-uppy-theme="light"
        >
          <div
            aria-hidden="true"
            class="uppy-Dashboard-overlay"
            tabindex="-1"
          />
          <div
            aria-modal="true"
            class="uppy-Dashboard-inner"
            role="dialog"
          >
            <button
              aria-label="Close Modal"
              class="uppy-u-reset uppy-Dashboard-close"
              title="Close Modal"
              type="button"
            >
              <span
                aria-hidden="true"
              >
                Ã—
              </span>
            </button>
            <div
              class="uppy-Dashboard-innerWrap"
            >
              <div
                class="uppy-Dashboard-dropFilesHereHint"
              >
                Drop your files here
              </div>
              <div
                class="uppy-Dashboard-AddFiles"
              >
                <input
                  accept="image/*"
                  aria-hidden="true"
                  class="uppy-Dashboard-input"
                  hidden=""
                  multiple=""
                  name="files[]"
                  tabindex="-1"
                  type="file"
                />
                <input
                  accept="image/*"
                  aria-hidden="true"
                  class="uppy-Dashboard-input"
                  hidden=""
                  multiple=""
                  name="files[]"
                  tabindex="-1"
                  type="file"
                  webkitdirectory="true"
                />
                <div
                  class="uppy-Dashboard-AddFiles-title"
                >
                  Drop files here or 
                  <button
                    class="uppy-u-reset uppy-c-btn uppy-Dashboard-browse"
                    data-uppy-super-focusable="true"
                    type="button"
                  >
                    browse files
                  </button>
                </div>
                <div
                  class="uppy-Dashboard-AddFiles-list"
                  role="tablist"
                >
                  <span
                    role="presentation"
                    style="white-space: nowrap;"
                  />
                </div>
                <div
                  class="uppy-Dashboard-AddFiles-info"
                >
                  <div
                    class="uppy-Dashboard-note"
                  >
                    Files cannot be larger than 50MB. Only images are allowed.
                  </div>
                </div>
              </div>
              <div
                class="uppy-Dashboard-progressindicators"
              >
                <div
                  aria-hidden="true"
                  class="uppy-StatusBar is-waiting"
                >
                  <div
                    aria-label="0%"
                    aria-valuemax="100"
                    aria-valuemin="0"
                    aria-valuenow="0"
                    aria-valuetext="0%"
                    class="uppy-StatusBar-progress"
                    role="progressbar"
                    style="width: 0%;"
                  />
                  <div
                    class="uppy-StatusBar-actions"
                  />
                </div>
                <div
                  class="uppy uppy-Informer"
                >
                  <span />
                </div>
              </div>
            </div>
          </div>
        </div>
      </div>
    </div>
  </div>
</body>
`;
